 
****************************************
Report : area
Design : dlx_processor
Version: S-2021.06-SP4
Date   : Thu Oct 19 21:52:31 2023
****************************************

Library(s) Used:

    NangateOpenCellLibrary (File: /home/mariagrazia.graziano/do/libnangate/NangateOpenCellLibrary_typical_ecsm.db)

Number of ports:                          526
Number of nets:                          5103
Number of cells:                         4628
Number of combinational cells:           3145
Number of sequential cells:              1436
Number of macros/black boxes:               0
Number of buf/inv:                        427
Number of references:                      39

Combinational area:               3711.498067
Buf/Inv area:                      267.595998
Noncombinational area:            7550.410239
Macro/Black Box area:                0.000000
Net Interconnect area:      undefined  (Wire load has zero net area)

Total cell area:                 11261.908305
Total area:                 undefined
1
