 
****************************************
Report : area
Design : dlx_processor
Version: S-2021.06-SP4
Date   : Thu Oct 19 23:15:09 2023
****************************************

Library(s) Used:

    NangateOpenCellLibrary (File: /home/mariagrazia.graziano/do/libnangate/NangateOpenCellLibrary_typical_ecsm.db)

Number of ports:                         4827
Number of nets:                         11259
Number of cells:                         6853
Number of combinational cells:           5226
Number of sequential cells:              1367
Number of macros/black boxes:               0
Number of buf/inv:                        935
Number of references:                       2

Combinational area:               7154.868016
Buf/Inv area:                      667.659988
Noncombinational area:            7240.520234
Macro/Black Box area:                0.000000
Net Interconnect area:      undefined  (Wire load has zero net area)

Total cell area:                 14395.388249
Total area:                 undefined
1
