Information: Updating design information... (UID-85)
 
****************************************
Report : power
        -analysis_effort low
Design : dlx_processor
Version: S-2021.06-SP4
Date   : Thu Oct 19 21:52:31 2023
****************************************


Library(s) Used:

    NangateOpenCellLibrary (File: /home/mariagrazia.graziano/do/libnangate/NangateOpenCellLibrary_typical_ecsm.db)


Operating Conditions: typical   Library: NangateOpenCellLibrary
Wire Load Model Mode: top

Design        Wire Load Model            Library
------------------------------------------------
dlx_processor          5K_hvratio_1_4    NangateOpenCellLibrary


Global Operating Voltage = 1.1  
Power-specific unit information :
    Voltage Units = 1V
    Capacitance Units = 1.000000ff
    Time Units = 1ns
    Dynamic Power Units = 1uW    (derived from V,C,T units)
    Leakage Power Units = 1nW


  Cell Internal Power  = 129.3873 uW   (30%)
  Net Switching Power  = 301.9891 uW   (70%)
                         ---------
Total Dynamic Power    = 431.3764 uW  (100%)

Cell Leakage Power     = 186.6340 uW

Information: report_power power group summary does not include estimated clock tree power. (PWR-789)

                 Internal         Switching           Leakage            Total
Power Group      Power            Power               Power              Power   (   %    )  Attrs
--------------------------------------------------------------------------------------------------
io_pad             0.0000            0.0000            0.0000            0.0000  (   0.00%)
memory             0.0000            0.0000            0.0000            0.0000  (   0.00%)
black_box          0.0000            0.0000            0.0000            0.0000  (   0.00%)
clock_network      0.0000            0.0000            0.0000            0.0000  (   0.00%)
register           0.0000            0.0000            0.0000            0.0000  (   0.00%)
sequential        85.3790           10.2600        1.1025e+05          205.8854  (  33.31%)
combinational     44.0076          291.7289        7.6388e+04          412.1245  (  66.69%)
--------------------------------------------------------------------------------------------------
Total            129.3866 uW       301.9890 uW     1.8663e+05 nW       618.0099 uW
1
