 
****************************************
Report : area
Design : dlx_processor
Version: S-2021.06-SP4
Date   : Thu Oct 19 19:24:44 2023
****************************************

Library(s) Used:

    NangateOpenCellLibrary (File: /home/mariagrazia.graziano/do/libnangate/NangateOpenCellLibrary_typical_ecsm.db)

Number of ports:                         5007
Number of nets:                         10095
Number of cells:                         5554
Number of combinational cells:           3791
Number of sequential cells:              1444
Number of macros/black boxes:               0
Number of buf/inv:                        820
Number of references:                       2

Combinational area:               4586.638037
Buf/Inv area:                      567.909992
Noncombinational area:            7590.310240
Macro/Black Box area:                0.000000
Net Interconnect area:      undefined  (Wire load has zero net area)

Total cell area:                 12176.948276
Total area:                 undefined
1
